------------------------------------------------------------
Timing Analyzer Summary
------------------------------------------------------------

Type  : Slow 1100mV 85C Model Setup 'clk'
Slack : 2.157
TNS   : 0.000

Type  : Slow 1100mV 85C Model Hold 'clk'
Slack : 0.247
TNS   : 0.000

Type  : Slow 1100mV 85C Model Minimum Pulse Width 'clk'
Slack : 8.643
TNS   : 0.000

Type  : Slow 1100mV 0C Model Setup 'clk'
Slack : 2.051
TNS   : 0.000

Type  : Slow 1100mV 0C Model Hold 'clk'
Slack : 0.235
TNS   : 0.000

Type  : Slow 1100mV 0C Model Minimum Pulse Width 'clk'
Slack : 8.581
TNS   : 0.000

Type  : Fast 1100mV 85C Model Setup 'clk'
Slack : 10.194
TNS   : 0.000

Type  : Fast 1100mV 85C Model Hold 'clk'
Slack : 0.086
TNS   : 0.000

Type  : Fast 1100mV 85C Model Minimum Pulse Width 'clk'
Slack : 8.783
TNS   : 0.000

Type  : Fast 1100mV 0C Model Setup 'clk'
Slack : 11.866
TNS   : 0.000

Type  : Fast 1100mV 0C Model Hold 'clk'
Slack : 0.016
TNS   : 0.000

Type  : Fast 1100mV 0C Model Minimum Pulse Width 'clk'
Slack : 8.774
TNS   : 0.000

------------------------------------------------------------
