------------------------------------------------------------
Timing Analyzer Summary
------------------------------------------------------------

Type  : Slow 1100mV 85C Model Setup 'clk'
Slack : 5.319
TNS   : 0.000

Type  : Slow 1100mV 85C Model Hold 'clk'
Slack : 0.249
TNS   : 0.000

Type  : Slow 1100mV 85C Model Minimum Pulse Width 'clk'
Slack : 13.662
TNS   : 0.000

Type  : Slow 1100mV 0C Model Setup 'clk'
Slack : 4.991
TNS   : 0.000

Type  : Slow 1100mV 0C Model Hold 'clk'
Slack : 0.237
TNS   : 0.000

Type  : Slow 1100mV 0C Model Minimum Pulse Width 'clk'
Slack : 13.602
TNS   : 0.000

Type  : Fast 1100mV 85C Model Setup 'clk'
Slack : 17.921
TNS   : 0.000

Type  : Fast 1100mV 85C Model Hold 'clk'
Slack : 0.130
TNS   : 0.000

Type  : Fast 1100mV 85C Model Minimum Pulse Width 'clk'
Slack : 13.785
TNS   : 0.000

Type  : Fast 1100mV 0C Model Setup 'clk'
Slack : 18.836
TNS   : 0.000

Type  : Fast 1100mV 0C Model Hold 'clk'
Slack : 0.092
TNS   : 0.000

Type  : Fast 1100mV 0C Model Minimum Pulse Width 'clk'
Slack : 13.774
TNS   : 0.000

------------------------------------------------------------
