Flow report for uart_loopback
Sat Sep 12 11:22:15 2026
Quartus Prime Version 25.1std.0 Build 1129 10/21/2025 SC Lite Edition


---------------------
; Table of Contents ;
---------------------
  1. Legal Notice
  2. Flow Summary
  3. Flow Settings
  4. Flow Non-Default Global Settings
  5. Flow Elapsed Time
  6. Flow OS Summary
  7. Flow Log
  8. Flow Messages
  9. Flow Suppressed Messages



----------------
; Legal Notice ;
----------------
Copyright (C) 2025  Altera Corporation. All rights reserved.
Your use of Altera Corporation's design tools, logic functions 
and other software and tools, and any partner logic 
functions, and any output files from any of the foregoing 
(including device programming or simulation files), and any 
associated documentation or information are expressly subject 
to the terms and conditions of the Altera Program License 
Subscription Agreement, the Altera Quartus Prime License Agreement,
the Altera IP License Agreement, or other applicable license
agreement, including, without limitation, that your use is for
the sole purpose of programming logic devices manufactured by
Altera and sold by Altera or its authorized distributors.  Please
refer to the Altera Software License Subscription Agreements 
on the Quartus Prime software download page.



+-----------------------------------------------------------------------------------+
; Flow Summary                                                                      ;
+---------------------------------+-------------------------------------------------+
; Flow Status                     ; Successful - Sat Sep 12 11:22:08 2026           ;
; Quartus Prime Version           ; 25.1std.0 Build 1129 10/21/2025 SC Lite Edition ;
; Revision Name                   ; uart_loopback                                   ;
; Top-level Entity Name           ; uart_loopback_top                               ;
; Family                          ; Cyclone V                                       ;
; Device                          ; 5CEBA4F23C7                                     ;
; Timing Models                   ; Final                                           ;
; Logic utilization (in ALMs)     ; 167 / 18,480 ( < 1 % )                          ;
; Total registers                 ; 232                                             ;
; Total pins                      ; 53 / 224 ( 24 % )                               ;
; Total virtual pins              ; 0                                               ;
; Total block memory bits         ; 2,048 / 3,153,920 ( < 1 % )                     ;
; Total DSP Blocks                ; 0 / 66 ( 0 % )                                  ;
; Total HSSI RX PCSs              ; 0                                               ;
; Total HSSI PMA RX Deserializers ; 0                                               ;
; Total HSSI TX PCSs              ; 0                                               ;
; Total HSSI PMA TX Serializers   ; 0                                               ;
; Total PLLs                      ; 0 / 4 ( 0 % )                                   ;
; Total DLLs                      ; 0 / 4 ( 0 % )                                   ;
+---------------------------------+-------------------------------------------------+


+-----------------------------------------+
; Flow Settings                           ;
+-------------------+---------------------+
; Option            ; Setting             ;
+-------------------+---------------------+
; Start date & time ; 09/12/2026 11:21:31 ;
; Main task         ; Compilation         ;
; Revision Name     ; uart_loopback       ;
+-------------------+---------------------+


+------------------------------------------------------------------------------------------------------------------+
; Flow Non-Default Global Settings                                                                                 ;
+-------------------------------+---------------------------------------+---------------+-------------+------------+
; Assignment Name               ; Value                                 ; Default Value ; Entity Name ; Section Id ;
+-------------------------------+---------------------------------------+---------------+-------------+------------+
; COMPILER_SIGNATURE_ID         ; 40607208329113.178922289140022        ; --            ; --          ; --         ;
; MAX_CORE_JUNCTION_TEMP        ; 85                                    ; --            ; --          ; --         ;
; MIN_CORE_JUNCTION_TEMP        ; 0                                     ; --            ; --          ; --         ;
; POWER_BOARD_THERMAL_MODEL     ; None (CONSERVATIVE)                   ; --            ; --          ; --         ;
; POWER_PRESET_COOLING_SOLUTION ; 23 MM HEAT SINK WITH 200 LFPM AIRFLOW ; --            ; --          ; --         ;
; PROJECT_OUTPUT_DIRECTORY      ; output_files                          ; --            ; --          ; --         ;
; TOP_LEVEL_ENTITY              ; uart_loopback_top                     ; uart_loopback ; --          ; --         ;
+-------------------------------+---------------------------------------+---------------+-------------+------------+


+--------------------------------------------------------------------------------------------------------------------------+
; Flow Elapsed Time                                                                                                        ;
+----------------------+--------------+-------------------------+---------------------+------------------------------------+
; Module Name          ; Elapsed Time ; Average Processors Used ; Peak Virtual Memory ; Total CPU Time (on all processors) ;
+----------------------+--------------+-------------------------+---------------------+------------------------------------+
; Analysis & Synthesis ; 00:00:10     ; 1.0                     ; 467 MB              ; 00:00:24                           ;
; Fitter               ; 00:00:21     ; 1.0                     ; 1603 MB             ; 00:00:35                           ;
; Assembler            ; 00:00:04     ; 1.0                     ; 515 MB              ; 00:00:04                           ;
; Timing Analyzer      ; 00:00:06     ; 1.2                     ; 801 MB              ; 00:00:07                           ;
; Total                ; 00:00:41     ; --                      ; --                  ; 00:01:10                           ;
+----------------------+--------------+-------------------------+---------------------+------------------------------------+


+-------------------------------------------------------------------------------------+
; Flow OS Summary                                                                     ;
+----------------------+----------------------+---------+------------+----------------+
; Module Name          ; Machine Hostname     ; OS Name ; OS Version ; Processor type ;
+----------------------+----------------------+---------+------------+----------------+
; Analysis & Synthesis ; carlos-ThinkPad-T480 ; Ubuntu  ; 24         ; x86_64         ;
; Fitter               ; carlos-ThinkPad-T480 ; Ubuntu  ; 24         ; x86_64         ;
; Assembler            ; carlos-ThinkPad-T480 ; Ubuntu  ; 24         ; x86_64         ;
; Timing Analyzer      ; carlos-ThinkPad-T480 ; Ubuntu  ; 24         ; x86_64         ;
+----------------------+----------------------+---------+------------+----------------+


------------
; Flow Log ;
------------
quartus_map --read_settings_files=on --write_settings_files=off uart_loopback -c uart_loopback
quartus_fit --read_settings_files=off --write_settings_files=off uart_loopback -c uart_loopback
quartus_asm --read_settings_files=off --write_settings_files=off uart_loopback -c uart_loopback
quartus_sta uart_loopback -c uart_loopback



