Flow report for FFT
Fri Aug 14 16:41:24 2026
Quartus Prime Version 25.1std.0 Build 1129 10/21/2025 SC Lite Edition


---------------------
; Table of Contents ;
---------------------
  1. Legal Notice
  2. Flow Summary
  3. Flow Settings
  4. Flow Non-Default Global Settings
  5. Flow Elapsed Time
  6. Flow OS Summary
  7. Flow Log
  8. Flow Messages
  9. Flow Suppressed Messages



----------------
; Legal Notice ;
----------------
Copyright (C) 2025  Altera Corporation. All rights reserved.
Your use of Altera Corporation's design tools, logic functions 
and other software and tools, and any partner logic 
functions, and any output files from any of the foregoing 
(including device programming or simulation files), and any 
associated documentation or information are expressly subject 
to the terms and conditions of the Altera Program License 
Subscription Agreement, the Altera Quartus Prime License Agreement,
the Altera IP License Agreement, or other applicable license
agreement, including, without limitation, that your use is for
the sole purpose of programming logic devices manufactured by
Altera and sold by Altera or its authorized distributors.  Please
refer to the Altera Software License Subscription Agreements 
on the Quartus Prime software download page.



+-----------------------------------------------------------------------------------+
; Flow Summary                                                                      ;
+---------------------------------+-------------------------------------------------+
; Flow Status                     ; Successful - Fri Aug 14 16:41:24 2026           ;
; Quartus Prime Version           ; 25.1std.0 Build 1129 10/21/2025 SC Lite Edition ;
; Revision Name                   ; FFT                                             ;
; Top-level Entity Name           ; quartus_pipeline_q915_no_lms_top                ;
; Family                          ; Cyclone V                                       ;
; Device                          ; 5CEBA4F23C7                                     ;
; Timing Models                   ; Final                                           ;
; Logic utilization (in ALMs)     ; 8,709 / 18,480 ( 47 % )                         ;
; Total registers                 ; 11665                                           ;
; Total pins                      ; 93 / 224 ( 42 % )                               ;
; Total virtual pins              ; 0                                               ;
; Total block memory bits         ; 0 / 3,153,920 ( 0 % )                           ;
; Total DSP Blocks                ; 8 / 66 ( 12 % )                                 ;
; Total HSSI RX PCSs              ; 0                                               ;
; Total HSSI PMA RX Deserializers ; 0                                               ;
; Total HSSI TX PCSs              ; 0                                               ;
; Total HSSI PMA TX Serializers   ; 0                                               ;
; Total PLLs                      ; 0 / 4 ( 0 % )                                   ;
; Total DLLs                      ; 0 / 4 ( 0 % )                                   ;
+---------------------------------+-------------------------------------------------+


+-----------------------------------------+
; Flow Settings                           ;
+-------------------+---------------------+
; Option            ; Setting             ;
+-------------------+---------------------+
; Start date & time ; 08/14/2026 16:37:12 ;
; Main task         ; Compilation         ;
; Revision Name     ; FFT                 ;
+-------------------+---------------------+


+---------------------------------------------------------------------------------------------------------------------------------------------------------------------+
; Flow Non-Default Global Settings                                                                                                                                    ;
+-------------------------------------+----------------------------------------+---------------+----------------------------------+-----------------------------------+
; Assignment Name                     ; Value                                  ; Default Value ; Entity Name                      ; Section Id                        ;
+-------------------------------------+----------------------------------------+---------------+----------------------------------+-----------------------------------+
; COMPILER_SIGNATURE_ID               ; 962747163668.178673623225610           ; --            ; --                               ; --                                ;
; EDA_GENERATE_FUNCTIONAL_NETLIST     ; Off                                    ; --            ; --                               ; eda_board_design_timing           ;
; EDA_GENERATE_FUNCTIONAL_NETLIST     ; Off                                    ; --            ; --                               ; eda_board_design_boundary_scan    ;
; EDA_GENERATE_FUNCTIONAL_NETLIST     ; Off                                    ; --            ; --                               ; eda_board_design_signal_integrity ;
; EDA_GENERATE_FUNCTIONAL_NETLIST     ; Off                                    ; --            ; --                               ; eda_board_design_symbol           ;
; EDA_OUTPUT_DATA_FORMAT              ; Verilog Hdl                            ; --            ; --                               ; eda_simulation                    ;
; EDA_SIMULATION_TOOL                 ; Questa Altera FPGA (Verilog)           ; <None>        ; --                               ; --                                ;
; EDA_TIME_SCALE                      ; 1 ps                                   ; --            ; --                               ; eda_simulation                    ;
; MAX_CORE_JUNCTION_TEMP              ; 85                                     ; --            ; --                               ; --                                ;
; MIN_CORE_JUNCTION_TEMP              ; 0                                      ; --            ; --                               ; --                                ;
; PARTITION_COLOR                     ; -- (Not supported for targeted family) ; --            ; quartus_pipeline_q915_no_lms_top ; Top                               ;
; PARTITION_FITTER_PRESERVATION_LEVEL ; -- (Not supported for targeted family) ; --            ; quartus_pipeline_q915_no_lms_top ; Top                               ;
; PARTITION_NETLIST_TYPE              ; -- (Not supported for targeted family) ; --            ; quartus_pipeline_q915_no_lms_top ; Top                               ;
; POWER_BOARD_THERMAL_MODEL           ; None (CONSERVATIVE)                    ; --            ; --                               ; --                                ;
; POWER_PRESET_COOLING_SOLUTION       ; 23 MM HEAT SINK WITH 200 LFPM AIRFLOW  ; --            ; --                               ; --                                ;
; PROJECT_OUTPUT_DIRECTORY            ; output_files                           ; --            ; --                               ; --                                ;
; TOP_LEVEL_ENTITY                    ; quartus_pipeline_q915_no_lms_top       ; FFT           ; --                               ; --                                ;
+-------------------------------------+----------------------------------------+---------------+----------------------------------+-----------------------------------+


+--------------------------------------------------------------------------------------------------------------------------+
; Flow Elapsed Time                                                                                                        ;
+----------------------+--------------+-------------------------+---------------------+------------------------------------+
; Module Name          ; Elapsed Time ; Average Processors Used ; Peak Virtual Memory ; Total CPU Time (on all processors) ;
+----------------------+--------------+-------------------------+---------------------+------------------------------------+
; Analysis & Synthesis ; 00:00:32     ; 1.0                     ; 936 MB              ; 00:00:37                           ;
; Fitter               ; 00:02:57     ; 1.7                     ; 2991 MB             ; 00:09:20                           ;
; Assembler            ; 00:00:11     ; 1.0                     ; 840 MB              ; 00:00:04                           ;
; Timing Analyzer      ; 00:00:18     ; 6.2                     ; 1393 MB             ; 00:01:10                           ;
; EDA Netlist Writer   ; 00:00:09     ; 1.0                     ; 1012 MB             ; 00:00:04                           ;
; Total                ; 00:04:07     ; --                      ; --                  ; 00:11:15                           ;
+----------------------+--------------+-------------------------+---------------------+------------------------------------+


+------------------------------------------------------------------------------------------+
; Flow OS Summary                                                                          ;
+----------------------+-----------------------+-------------+------------+----------------+
; Module Name          ; Machine Hostname      ; OS Name     ; OS Version ; Processor type ;
+----------------------+-----------------------+-------------+------------+----------------+
; Analysis & Synthesis ; localhost.localdomain ; Rocky Linux ; 9          ; x86_64         ;
; Fitter               ; localhost.localdomain ; Rocky Linux ; 9          ; x86_64         ;
; Assembler            ; localhost.localdomain ; Rocky Linux ; 9          ; x86_64         ;
; Timing Analyzer      ; localhost.localdomain ; Rocky Linux ; 9          ; x86_64         ;
; EDA Netlist Writer   ; localhost.localdomain ; Rocky Linux ; 9          ; x86_64         ;
+----------------------+-----------------------+-------------+------------+----------------+


------------
; Flow Log ;
------------
quartus_map --read_settings_files=on --write_settings_files=off FFT -c FFT
quartus_fit --read_settings_files=off --write_settings_files=off FFT -c FFT
quartus_asm --read_settings_files=off --write_settings_files=off FFT -c FFT
quartus_sta FFT -c FFT
quartus_eda --read_settings_files=off --write_settings_files=off FFT -c FFT



