------------------------------------------------------------
Timing Analyzer Summary
------------------------------------------------------------

Type  : Slow 1100mV 85C Model Setup 'clk'
Slack : -3.003
TNS   : -163.041

Type  : Slow 1100mV 85C Model Hold 'clk'
Slack : 0.249
TNS   : 0.000

Type  : Slow 1100mV 85C Model Minimum Pulse Width 'clk'
Slack : 9.316
TNS   : 0.000

Type  : Slow 1100mV 0C Model Setup 'clk'
Slack : -3.377
TNS   : -190.290

Type  : Slow 1100mV 0C Model Hold 'clk'
Slack : 0.240
TNS   : 0.000

Type  : Slow 1100mV 0C Model Minimum Pulse Width 'clk'
Slack : 9.207
TNS   : 0.000

Type  : Fast 1100mV 85C Model Setup 'clk'
Slack : 8.548
TNS   : 0.000

Type  : Fast 1100mV 85C Model Hold 'clk'
Slack : 0.131
TNS   : 0.000

Type  : Fast 1100mV 85C Model Minimum Pulse Width 'clk'
Slack : 9.402
TNS   : 0.000

Type  : Fast 1100mV 0C Model Setup 'clk'
Slack : 9.446
TNS   : 0.000

Type  : Fast 1100mV 0C Model Hold 'clk'
Slack : 0.120
TNS   : 0.000

Type  : Fast 1100mV 0C Model Minimum Pulse Width 'clk'
Slack : 9.404
TNS   : 0.000

------------------------------------------------------------
